// Jest Snapshot v1, https://goo.gl/fbAQLP

exports[`App Component test Snapshot App renderes Correctly 1`] = `
<div>
  <div
    className="fixed top-0 w-screen flex justify-evenly shadow-lg"
  >
    <a
      href="/"
      onClick={[Function]}
    >
      Home
    </a>
    <a
      href="/favorite"
      onClick={[Function]}
    >
      Favorite
    </a>
    <a
      href="/exchange"
      onClick={[Function]}
    >
      Exchange
    </a>
  </div>
  <p>
    loading
  </p>
</div>
`;
